***** External Functions *****
1    AddFontRegistrationToLog                           isrt.obl(Misc.obs)
2    AdminAskPath                                       iswi.obl(AdminAskPath.obs)
3    Advapi32.CloseServiceHandle                        isrt.obl(Service.obs)
4    Advapi32.ControlService                            isrt.obl(Service.obs)
5    Advapi32.DeleteService                             isrt.obl(Service.obs)
6    Advapi32.OpenSCManagerA                            isrt.obl(Service.obs)
7    Advapi32.OpenServiceA                              isrt.obl(Service.obs)
8    Advapi32.QueryServiceStatus                        isrt.obl(Service.obs)
9    Advapi32.StartServiceA                             isrt.obl(Service.obs)
10   AllFeaturesDeselected                              iswi.obl(CompHelperFuncs.obs)
11   CHECK_RETURN                                       iswi.obl(ErrHandler.obs)
12   ChangeDirectory                                    isrt.obl(Files.obs)
13   CloseFile                                          isrt.obl(Files.obs)
14   CmdGetHwndDlg                                      isrt.obl(CustomDialog.obs)
15   CoCreateObject                                     isrt.obl(Misc.obs)
16   ComponentAddFileToLog                              isrt.obl(component.obs)
17   ComponentCompareSizeRequired                       isrt.obl(component.obs)
18   ComponentErrorInfo                                 isrt.obl(component.obs)
19   ComponentGetData                                   isrt.obl(component.obs)
20   ComponentGetTotalCost                              isrt.obl(component.obs)
21   ComponentIsItemSelected                            isrt.obl(component.obs)
22   ComponentListItems                                 isrt.obl(component.obs)
23   ComponentReinstall                                 isrt.obl(component.obs)
24   ComponentRemoveAll                                 isrt.obl(component.obs)
25   ComponentSaveTarget                                isrt.obl(component.obs)
26   ComponentSelectItem                                isrt.obl(component.obs)
27   ComponentTransferData                              isrt.obl(component.obs)
28   ComponentTreeInit                                  isrt.obl(Dialogs.obs)
29   CopyFile                                           isrt.obl(Files.obs)
30   CreateAgentService                                 setup.obs
31   CreateDir                                          isrt.obl(Files.obs)
32   CreateFile                                         isrt.obl(Files.obs)
33   CreateInstallationInfo                             isrt.obl(Registry.obs)
34   CreateRegistrySet                                  iswi.obl(ComponentConv.obs)
35   CreateServerService                                setup.obs
36   CtrlGetNotificationCode                            isrt.obl(CustomDialog.obs)
37   CtrlGetState                                       isrt.obl(CustomDialog.obs)
38   CtrlGetSubCommand                                  isrt.obl(CustomDialog.obs)
39   CtrlGetText                                        isrt.obl(CustomDialog.obs)
40   CtrlSelectText                                     isrt.obl(CustomDialog.obs)
41   CtrlSetList                                        isrt.obl(CustomDialog.obs)
42   CtrlSetMLEText                                     isrt.obl(CustomDialog.obs)
43   CtrlSetState                                       isrt.obl(CustomDialog.obs)
44   CtrlSetText                                        isrt.obl(CustomDialog.obs)
45   DIFxDriverPackageUninstall                         isrt.obl(ISDIFx.obs)
46   DRMINSTALLERPRO.DRMInstallPRO                      isrt.obl(Activation.obs)
47   DRMINSTALLERPRO.DRMUnInstallPRO                    isrt.obl(Activation.obs)
48   DefaultPasswords                                   setup.obs
49   DefineDialog                                       isrt.obl(CustomDialog.obs)
50   Delay                                              isrt.obl(Misc.obs)
51   DeleteCHARArray                                    isrt.obl(Misc.obs)
52   DeleteDir                                          isrt.obl(Files.obs)
53   DeleteFile                                         isrt.obl(Files.obs)
54   DeleteSingleFile                                   isrt.obl(Files.obs)
55   DialogSetDefaultFont                               isrt.obl(Dialogs.obs)
56   DialogSetFont                                      isrt.obl(Dialogs.obs)
57   DialogSetInfo                                      isrt.obl(Dialogs.obs)
58   Disable                                            isrt.obl(Enable.obs)
59   DllSizeOf                                          isrt.obl(Str.obs)
60   Do                                                 isrt.obl(Misc.obs)
61   Enable                                             isrt.obl(Enable.obs)
62   EndCurrentDialog                                   isrt.obl(Dialogs.obs)
63   EndDialog                                          isrt.obl(CustomDialog.obs)
64   EnterPassword                                      isrt.obl(EnterPasswordDlg.obs)
65   ExistsDir                                          isrt.obl(Files.obs)
66   EzDefineDialog                                     isrt.obl(CustomDialog.obs)
67   FeatureAddFileToLog                                iswi.obl(FeatureConv.obs)
68   FeatureCompareSizeRequired                         iswi.obl(FeatureConv.obs)
69   FeatureErrorInfo                                   iswi.obl(ComponentConv.obs)
70   FeatureFilterLanguage                              iswi.obl(ComponentConv.obs)
71   FeatureFilterOS                                    iswi.obl(ComponentConv.obs)
72   FeatureGetData                                     iswi.obl(ComponentConv.obs)
73   FeatureGetTotalCost                                iswi.obl(FeatureConv.obs)
74   FeatureIsItemSelected                              iswi.obl(ComponentConv.obs)
75   FeatureListItems                                   iswi.obl(ComponentConv.obs)
76   FeaturePatch                                       iswi.obl(FeatureConv.obs)
77   FeatureReinstall                                   iswi.obl(ComponentConv.obs)
78   FeatureRemoveAll                                   iswi.obl(ComponentConv.obs)
79   FeatureSaveTarget                                  iswi.obl(FeatureConv.obs)
80   FeatureSelectItem                                  iswi.obl(ComponentConv.obs)
81   FeatureSelectNew                                   iswi.obl(FeatureConv.obs)
82   FeatureSetupTypeSet                                iswi.obl(ComponentConv.obs)
83   FeatureStandardSetupTypeSet                        iswi.obl(FeatureConv.obs)
84   FeatureTransferData                                iswi.obl(ComponentConv.obs)
85   FeatureValidate                                    iswi.obl(ComponentConv.obs)
86   FeaturesInstalled                                  iswi.obl(FileTransferFuncsConv.obs)
87   FeaturesInstalling                                 iswi.obl(FileTransferFuncsConv.obs)
88   FileGrep                                           isrt.obl(Files.obs)
89   FileInsertLine                                     isrt.obl(Files.obs)
90   FinalConstruct                                     ifx.obl(EventsPriv.obs)
91   FinalRelease                                       ifx.obl(EventsPriv.obs)
92   FindAllDirs                                        isrt.obl(Files.obs)
93   FindFile                                           isrt.obl(Files.obs)
94   FindWindow                                         isrt.obl(Misc.obs)
95   FixPath                                            setup.obs
96   FixUpCmdLine                                       iswi.obl(HelperFuncs.obs)
97   FixUpCmdLinePostReboot                             iswi.obl(HelperFuncs.obs)
98   FormatMessage                                      isrt.obl(Misc.obs)
99   GDI32.AddFontResource                              setup.obs
100  GDI32.CreateRectRgn                                setup.obs
101  GDI32.GetDeviceCaps                                setup.obs
102  GDI32.RemoveFontResource                           setup.obs
103  GeneratedMSIScript                                 iswi.obl(FileTransferFuncsConv.obs)
104  GeneratingMSIScript                                iswi.obl(FileTransferFuncsConv.obs)
105  GetAddRemove                                       isrt.obl(SysVars.obs)
106  GetBasicMSI                                        isrt.obl(SysVars.obs)
107  GetBillboard                                       isrt.obl(SysVars.obs)
108  GetCArrayFromISArray                               isrt.obl(Misc.obs)
109  GetCHARArrayFromISStringArray                      isrt.obl(Misc.obs)
110  GetCommonFiles                                     isrt.obl(SysVars.obs)
111  GetComponentsFeatures                              iswi.obl(CompHelperFuncs.obs)
112  GetCurrentDialogName                               isrt.obl(Dialogs.obs)
113  GetCurrentDir                                      isrt.obl(Files.obs)
114  GetDialogTitle                                     isrt.obl(Dialogs.obs)
115  GetDir                                             isrt.obl(Str.obs)
116  GetDisk                                            isrt.obl(Str.obs)
117  GetDisk1SetupExeName                               isrt.obl(SysVars.obs)
118  GetDiskSpace                                       isrt.obl(GSI.obs)
119  GetDiskSpaceEx                                     isrt.obl(GSI.obs)
120  GetEnabledIServices                                isrt.obl(SysVars.obs)
121  GetExtents                                         isrt.obl(GSI.obs)
122  GetFolderApplications                              isrt.obl(SysVars.obs)
123  GetFolderApplications64                            isrt.obl(SysVars.obs)
124  GetFolderDotNet10                                  isrt.obl(SysVars.obs)
125  GetFolderDotNet11                                  isrt.obl(SysVars.obs)
126  GetFolderDotNet20                                  isrt.obl(SysVars.obs)
127  GetFolderFonts                                     isrt.obl(SysVars.obs)
128  GetISRes                                           isrt.obl(SysVars.obs)
129  GetInstallScriptMSI                                isrt.obl(SysVars.obs)
130  GetInstanceGUID                                    isrt.obl(SysVars.obs)
131  GetKeyPathWinCurrVerAuto                           isrt.obl(SysVars.obs)
132  GetLog                                             isrt.obl(SysVars.obs)
133  GetLogEx                                           isrt.obl(SysVars.obs)
134  GetMSIFeatureName                                  iswi.obl(CompHelperFuncs.obs)
135  GetMSIProperties                                   setup.obs
136  GetMaintOption                                     isrt.obl(SysVars.obs)
137  GetMaintenance                                     iswi.obl(ISWiInit.obs)
138  GetMsiFeaturePath                                  iswi.obl(CompHelperFuncs.obs)
139  GetMsiNameFromAliasTable                           iswi.obl(CompHelperFuncs.obs)
140  GetMultiInstanceCount                              isrt.obl(SysVars.obs)
141  GetOpenFileMode                                    isrt.obl(Files.obs)
142  GetPackageLocation                                 isrt.obl(SysVars.obs)
143  GetProductGUID                                     iswi.obl(ISWiInit.obs)
144  GetProfSectionKeyCount                             isrt.obl(Profile.obs)
145  GetProfString                                      isrt.obl(Profile.obs)
146  GetProfStringList                                  isrt.obl(Profile.obs)
147  GetProgramFiles                                    isrt.obl(SysVars.obs)
148  GetReinstallMode                                   isrt.obl(SysVars.obs)
149  GetRemoveAllMode                                   isrt.obl(SysVars.obs)
150  GetRemoveOnly                                      isrt.obl(SysVars.obs)
151  GetSelectedLanguage                                isrt.obl(SysVars.obs)
152  GetSelectedTreeComponent                           isrt.obl(CmptView.obs)
153  GetShowPasswordDialog                              isrt.obl(SysVars.obs)
154  GetSupportDir                                      isrt.obl(SysVars.obs)
155  GetSystemInfo                                      isrt.obl(GSI.obs)
156  GetTempFolder                                      isrt.obl(SysVars.obs)
157  GetTrueTypeFontFileInfo                            isrt.obl(Misc.obs)
158  GetUpdateStatus                                    iswi.obl(HelperFuncs.obs)
159  GetUpdateStatusReboot                              iswi.obl(HelperFuncs.obs)
160  GetUserSelectableAuto                              isrt.obl(SysVars.obs)
161  GetValidDrivesList                                 isrt.obl(GSI.obs)
162  GetWinDir                                          isrt.obl(SysVars.obs)
163  GetWinSysDir                                       isrt.obl(SysVars.obs)
164  GetWindowHandle                                    iswi.obl(MiscConv.obs)
165  HIBYTE                                             isrt.obl(Misc.obs)
166  HIWORD                                             isrt.obl(Misc.obs)
167  ISDeterminePlatform                                isrt.obl(OsInfo.obs)
168  ISMIF32.InstallStatusMIF                           isrt.obl(MIF.obs)
169  ISRT.ComponentViewSetInfoEx                        isrt.obl(Dialogs.obs)
170  ISRT.EnableHourGlass                               isrt.obl(Enable.obs)
171  ISRT.GetCPUType                                    isrt.obl(GSI.obs)
172  ISRT.GetFontSub                                    isrt.obl(Dialogs.obs)
173  ISRT.GetHandle                                     setup.obs
174  ISRT.GetPorts                                      isrt.obl(GSI.obs)
175  ISRT.IsEmpty                                       setup.obs
176  ISRT.IsNTAdmin                                     isrt.obl(Is.obs)
177  ISRT.IsObject                                      setup.obs
178  ISRT.IsPowerUser                                   isrt.obl(Is.obs)
179  ISRT.LangLoadString                                isrt.obl(SDINT.obs)
180  ISRT.MessageBeepP                                  setup.obs
181  ISRT.PathCompactPathPixel                          isrt.obl(CustomDialog.obs)
182  ISRT.PathGetDir                                    isrt.obl(Str.obs)
183  ISRT.PathGetDrive                                  isrt.obl(Str.obs)
184  ISRT.PathGetFile                                   isrt.obl(Files.obs)
185  ISRT.PathGetFileExt                                isrt.obl(Str.obs)
186  ISRT.PathGetFileName                               isrt.obl(Str.obs)
187  ISRT.PathGetLongFromShort                          isrt.obl(Str.obs)
188  ISRT.PathGetPath                                   isrt.obl(Str.obs)
189  ISRT.PathIsValidSyntax                             isrt.obl(Is.obs)
190  ISRT.VerGetFileVersion                             setup.obs
191  ISRT._BrowseForFolder                              isrt.obl(SelectDir.obs)
192  ISRT._CleanupInet                                  isrt.obl(MIO.obs)
193  ISRT._CloseFile                                    isrt.obl(Files.obs)
194  ISRT._CmdGetHwndDlg                                isrt.obl(CustomDialog.obs)
195  ISRT._CompareDWORD                                 isrt.obl(Extend.obs)
196  ISRT._ComponentCompareSizeRequired                 iswi.obl(FeatureConv.obs)
197  ISRT._ComponentGetTotalCost                        iswi.obl(FeatureConv.obs)
198  ISRT._ComponentGetTotalCostEx                      isrt.obl(SdComponentTreeDlg.obs)
199  ISRT._ComponentPatch                               iswi.obl(FeatureConv.obs)
200  ISRT._ComponentSaveTarget                          iswi.obl(FeatureConv.obs)
201  ISRT._ComponentSelectNew                           iswi.obl(FeatureConv.obs)
202  ISRT._CreateDir                                    isrt.obl(Files.obs)
203  ISRT._CreateObject                                 isrt.obl(Misc.obs)
204  ISRT._CtrlGetNotificationCode                      isrt.obl(CustomDialog.obs)
205  ISRT._CtrlGetSubCommand                            isrt.obl(CustomDialog.obs)
206  ISRT._CtrlSetMLERichText                           isrt.obl(CustomDialog.obs)
207  ISRT._DIFxDriverPackageUninstall                   isrt.obl(ISDIFx.obs)
208  ISRT._DefineDialog                                 isrt.obl(CustomDialog.obs)
209  ISRT._DeleteCHARArray                              isrt.obl(Misc.obs)
210  ISRT._DialogSetFont                                isrt.obl(Dialogs.obs)
211  ISRT._DisableStatus                                isrt.obl(Enable.obs)
212  ISRT._DoSprintf                                    iswi.obl(HelperFuncs.obs)
213  ISRT._EnableDialogCache                            isrt.obl(Enable.obs)
214  ISRT._EnablePrevDialog                             iswi.obl(AdminAskPath.obs)
215  ISRT._EnableSkins                                  isrt.obl(Enable.obs)
216  ISRT._EnableStatus                                 isrt.obl(Enable.obs)
217  ISRT._EnableWow64FsRedirection                     isrt.obl(Enable.obs)
218  ISRT._EndDialog                                    isrt.obl(CustomDialog.obs)
219  ISRT._ExistsDir                                    isrt.obl(Files.obs)
220  ISRT._ExistsFile                                   isrt.obl(Files.obs)
221  ISRT._FileCopy                                     isrt.obl(Files.obs)
222  ISRT._GetCurrentDialogName                         isrt.obl(Dialogs.obs)
223  ISRT._GetDiskSpaceEx                               isrt.obl(GSI.obs)
224  ISRT._GetDiskSpaceExEx                             isrt.obl(SdComponentTreeDlg.obs)
225  ISRT._GetGlobalMemorySize                          isrt.obl(GSI.obs)
226  ISRT._GetProcessorInfo                             isrt.obl(OsInfo.obs)
227  ISRT._GetRunningChildProcess                       isrt.obl(Extend.obs)
228  ISRT._GetSelectedTreeComponent                     isrt.obl(CmptView.obs)
229  ISRT._GetSupportDir                                isrt.obl(SysVars.obs)
230  ISRT._GetTrueTypeFontFileInfo                      isrt.obl(Misc.obs)
231  ISRT._InetEndofTransfer                            isrt.obl(iftw.obs)
232  ISRT._InetGetNextDisk                              isrt.obl(iftw.obs)
233  ISRT._IsFontTypefaceNameAvailable                  isrt.obl(Is.obs)
234  ISRT._IsInAdminGroup                               isrt.obl(Is.obs)
235  ISRT._IsSkinLoaded                                 isrt.obl(Is.obs)
236  ISRT._IsWindowsME                                  isrt.obl(GSI.obs)
237  ISRT._IsWow64                                      isrt.obl(OsInfo.obs)
238  ISRT._ListAddItem                                  isrt.obl(scrlist.obs)
239  ISRT._ListAddString                                isrt.obl(scrlist.obs)
240  ISRT._ListCount                                    isrt.obl(scrlist.obs)
241  ISRT._ListCreate                                   isrt.obl(scrlist.obs)
242  ISRT._ListCurrentString                            isrt.obl(scrlist.obs)
243  ISRT._ListDeleteItem                               isrt.obl(scrlist.obs)
244  ISRT._ListDeleteString                             isrt.obl(scrlist.obs)
245  ISRT._ListDestroy                                  isrt.obl(scrlist.obs)
246  ISRT._ListFindString                               isrt.obl(scrlist.obs)
247  ISRT._ListGetFirstItem                             isrt.obl(scrlist.obs)
248  ISRT._ListGetFirstString                           isrt.obl(scrlist.obs)
249  ISRT._ListGetNextItem                              isrt.obl(scrlist.obs)
250  ISRT._ListGetNextString                            isrt.obl(scrlist.obs)
251  ISRT._ListGetType                                  isrt.obl(scrlist.obs)
252  ISRT._ListReadFromFile                             isrt.obl(scrlist.obs)
253  ISRT._ListSetIndex                                 isrt.obl(scrlist.obs)
254  ISRT._ListWriteToFile                              isrt.obl(scrlist.obs)
255  ISRT._MediaGetInfo                                 iswi.obl(FeatureConv.obs)
256  ISRT._OnUninstPriv                                 setup.obs
257  ISRT._OpenFile                                     isrt.obl(Files.obs)
258  ISRT._Preprogram                                   setup.obs
259  ISRT._Rebooted                                     setup.obs
260  ISRT._RegCreateKey                                 isrt.obl(Registry.obs)
261  ISRT._RegDeleteValue                               isrt.obl(Registry.obs)
262  ISRT._RegEnableTextSubs                            isrt.obl(Enable.obs)
263  ISRT._RegEnum                                      isrt.obl(Registry.obs)
264  ISRT._RegGetOptions                                isrt.obl(SysVars.obs)
265  ISRT._RegIsRemoteRegConnected                      isrt.obl(Is.obs)
266  ISRT._RegQueryKeyBinaryValue                       isrt.obl(Registry.obs)
267  ISRT._RegQueryKeyValue                             isrt.obl(Registry.obs)
268  ISRT._RegSetKeyBinaryValue                         isrt.obl(Registry.obs)
269  ISRT._RegSetKeyValue                               isrt.obl(Registry.obs)
270  ISRT._RegSetOptions                                isrt.obl(SysVars.obs)
271  ISRT._ReleaseDialog                                isrt.obl(CustomDialog.obs)
272  ISRT._SdShowMsg                                    isrt.obl(SDSMSG.obs)
273  ISRT._SetAltMainImage                              isrt.obl(Dialogs.obs)
274  ISRT._SetDisplayEffect                             isrt.obl(ui.obs)
275  ISRT._SetPaletteFile                               isrt.obl(MIO.obs)
276  ISRT._SetSilentSdShowMsg                           isrt.obl(Enable.obs)
277  ISRT._SetTitle                                     isrt.obl(ui.obs)
278  ISRT._SetupInet                                    isrt.obl(MIO.obs)
279  ISRT._SetupTraceWrite                              isrt.obl(Misc.obs)
280  ISRT._StatusUpdate                                 isrt.obl(ui.obs)
281  ISRT._TreeViewCreate                               isrt.obl(CmptView.obs)
282  ISRT._WCHARArrayToCHARArray                        isrt.obl(Misc.obs)
283  ISRT._WaitOnDialog                                 isrt.obl(CustomDialog.obs)
284  ISRT._WriteLine                                    isrt.obl(Files.obs)
285  ISRT.__CreateObjectContext                         isrt.obl(ISRTInit.obs)
286  ISRT.__GetCmdLineOptions                           isrt.obl(ISRTInit.obs)
287  ISRT.__GetContextGUID                              isrt.obl(ISRTInit.obs)
288  ISRT.__GetEnabledIServices                         isrt.obl(SysVars.obs)
289  ISRT.__GetFileRegistrar                            isrt.obl(ISRTInit.obs)
290  ISRT.__GetISMSIStringTableObj                      iswi.obl(ISWiInit.obs)
291  ISRT.__GetInfo                                     isrt.obl(ISRTInit.obs)
292  ISRT.__GetInstallGuid                              isrt.obl(SysVars.obs)
293  ISRT.__GetLog                                      isrt.obl(SysVars.obs)
294  ISRT.__GetLogDB                                    isrt.obl(ISRTInit.obs)
295  ISRT.__GetLogEx                                    isrt.obl(SysVars.obs)
296  ISRT.__GetMainWindow                               setup.obs
297  ISRT.__GetMaintOption                              isrt.obl(SysVars.obs)
298  ISRT.__GetMaintenanceMode                          isrt.obl(SysVars.obs)
299  ISRT.__GetObjects                                  isrt.obl(ISRTInit.obs)
300  ISRT.__GetProductGuid                              isrt.obl(SysVars.obs)
301  ISRT.__GetProgress                                 setup.obs
302  ISRT.__GetReboot                                   isrt.obl(ISRTInit.obs)
303  ISRT.__GetReinstallMode                            isrt.obl(SysVars.obs)
304  ISRT.__GetRemoveAllMode                            isrt.obl(SysVars.obs)
305  ISRT.__GetTextSub                                  isrt.obl(ISRTInit.obs)
306  ISRT.__GetUpdateMode                               isrt.obl(SysVars.obs)
307  ISRT.__GetUser                                     isrt.obl(MIO.obs)
308  ISRT.__ISRTGetPropertyBag                          ifx.obl(PersistPropertyBag.obs)
309  ISRT.__ISRTReleasePropertyBag                      ifx.obl(PersistPropertyBag.obs)
310  ISRT.__PutEnabledIServices                         isrt.obl(Enable.obs)
311  ISRT.__ReleaseObjectContext                        isrt.obl(ISRTInit.obs)
312  ISRT.__RestoreMainLog                              isrt.obl(ISRTInit.obs)
313  ISRT.__RestoreMainLogEx                            isrt.obl(ISRTInit.obs)
314  ISRT.__SetComponentLog                             isrt.obl(ISRTInit.obs)
315  ISRT.__SetUpdateMode                               isrt.obl(SysVars.obs)
316  ISRTHandleScriptException                          isrt.obl(Misc.obs)
317  ISRTOnUninstPriv                                   isrt.obl(Driver.obs)
318  ISRTPreprogram                                     isrt.obl(Driver.obs)
319  ISWIOnAppSearch                                    iswi.obl(DriverConv.obs)
320  ISWIOnCCPSearch                                    iswi.obl(DriverConv.obs)
321  ISWIOnExitInstall                                  iswi.obl(DriverConv.obs)
322  ISWIOnFirstUIAfter                                 iswi.obl(DriverConv.obs)
323  ISWIOnFirstUIBefore                                iswi.obl(DriverConv.obs)
324  ISWIOnInitInstall                                  iswi.obl(DriverConv.obs)
325  ISWIOnMaintUIAfter                                 iswi.obl(DriverConv.obs)
326  ISWIOnMaintUIBefore                                iswi.obl(DriverConv.obs)
327  ISWIOnMoveData                                     iswi.obl(DriverConv.obs)
328  ISWIOnResumeUIAfter                                iswi.obl(DriverConv.obs)
329  ISWIOnResumeUIBefore                               iswi.obl(DriverConv.obs)
330  ISWIPCRestoreAfter                                 iswi.obl(DriverConv.obs)
331  ISWIPCRestoreBefore                                iswi.obl(DriverConv.obs)
332  ISWIPostprogram                                    iswi.obl(DriverConv.obs)
333  ISWIPreprogram                                     iswi.obl(DriverConv.obs)
334  IfxFilterComponents                                ifx.obl(EventsSetupPriv.obs)
335  IfxFinalConstruct                                  ifx.obl(EventsSetupPriv.obs)
336  IfxFinalRelease                                    ifx.obl(EventsSetupPriv.obs)
337  IfxInitProperties                                  ifx.obl(PersistPropertyBag.obs)
338  IfxOnAbortInstall                                  ifx.obl(EventsPriv.obs)
339  IfxOnAppSearch                                     ifx.obl(EventsPriv.obs)
340  IfxOnCCPSearch                                     ifx.obl(EventsPriv.obs)
341  IfxOnCanceling                                     ifx.obl(EventsPriv.obs)
342  IfxOnDisk1Installed                                ifx.obl(EventsSetupPriv.obs)
343  IfxOnDisk1Installing                               ifx.obl(EventsSetupPriv.obs)
344  IfxOnExitInstall                                   ifx.obl(EventsSetupPriv.obs)
345  IfxOnFileError                                     ifx.obl(EventsSetupPriv.obs)
346  IfxOnFileLocked                                    ifx.obl(EventsSetupPriv.obs)
347  IfxOnFileReadOnly                                  ifx.obl(EventsSetupPriv.obs)
348  IfxOnGeneralScriptOp                               ifx.obl(EventsPriv.obs)
349  IfxOnHelp                                          ifx.obl(EventsPriv.obs)
350  IfxOnInitInstall                                   ifx.obl(EventsSetupPriv.obs)
351  IfxOnInternetError                                 ifx.obl(EventsSetupPriv.obs)
352  IfxOnMD5Error                                      ifx.obl(EventsSetupPriv.obs)
353  IfxOnNextDisk                                      ifx.obl(EventsSetupPriv.obs)
354  IfxOnRebooted                                      ifx.obl(EventsPriv.obs)
355  IfxOnRemovingSharedFile                            ifx.obl(EventsSetupPriv.obs)
356  IfxOnShowWizardPages                               ifx.obl(EventsSetupPriv.obs)
357  IfxOnTransferred                                   ifx.obl(EventsPriv.obs)
358  IfxOnTransferring                                  ifx.obl(EventsSetupPriv.obs)
359  IfxOnUnhandledException                            ifx.obl(EventsPriv.obs)
360  IfxOnUninst                                        ifx.obl(EventsSetupPriv.obs)
361  IfxOnUninstPriv                                    ifx.obl(EventsSetupPriv.obs)
362  IfxPostprogram                                     ifx.obl(EventsSetupPriv.obs)
363  IfxPreprogram                                      ifx.obl(EventsSetupPriv.obs)
364  IfxReadProperties                                  ifx.obl(PersistPropertyBag.obs)
365  IfxRunAfterReboot                                  ifx.obl(EventsSetupPriv.obs)
366  IfxWriteProperties                                 ifx.obl(PersistPropertyBag.obs)
367  InetEndofTransfer                                  isrt.obl(iftw.obs)
368  InetNextDisk                                       isrt.obl(iftw.obs)
369  InitProperties                                     ifx.obl(PersistPropertyBag.obs)
370  InitializeAgentConfig                              setup.obs
371  InitializeServerConfig                             setup.obs
372  InstallFilesActionAfter                            iswi.obl(FileTransferFuncsConv.obs)
373  InstallFilesActionBefore                           iswi.obl(FileTransferFuncsConv.obs)
374  Is                                                 isrt.obl(Is.obs)
375  IsInetInstall                                      isrt.obl(iftw.obs)
376  IsTestSetup                                        iswi.obl(HelperFuncs.obs)
377  KERNEL.GetModuleHandle                             setup.obs
378  KERNEL32.CloseHandle                               setup.obs
379  KERNEL32.CreateFileA                               setup.obs
380  KERNEL32.CreateProcess                             setup.obs
381  KERNEL32.DeleteFileA                               setup.obs
382  KERNEL32.FindClose                                 setup.obs
383  KERNEL32.FindFirstFileA                            setup.obs
384  KERNEL32.FindNextFileA                             setup.obs
385  KERNEL32.FormatMessageA                            setup.obs
386  KERNEL32.FreeLibrary                               setup.obs
387  KERNEL32.GetCurrentDirectoryA                      setup.obs
388  KERNEL32.GetDriveType                              setup.obs
389  KERNEL32.GetExitCodeProcess                        setup.obs
390  KERNEL32.GetFileAttributesA                        setup.obs
391  KERNEL32.GetLocalTime                              setup.obs
392  KERNEL32.GetLocaleInfo                             setup.obs
393  KERNEL32.GetPrivateProfileSectionA                 setup.obs
394  KERNEL32.GetPrivateProfileString                   setup.obs
395  KERNEL32.GetPrivateProfileStringA                  setup.obs
396  KERNEL32.GetProcAddress                            setup.obs
397  KERNEL32.GetProcessId                              setup.obs
398  KERNEL32.GetProfileStringA                         setup.obs
399  KERNEL32.GetShortPathNameA                         setup.obs
400  KERNEL32.GetSystemDefaultLCID                      setup.obs
401  KERNEL32.GetSystemDefaultLangID                    setup.obs
402  KERNEL32.GetSystemDefaultUILanguage                setup.obs
403  KERNEL32.GetTickCount                              setup.obs
404  KERNEL32.GetUserDefaultLangID                      setup.obs
405  KERNEL32.GetVersion                                setup.obs
406  KERNEL32.GetVersionEx                              setup.obs
407  KERNEL32.GetVolumeInformation                      setup.obs
408  KERNEL32.GetWindowsDirectory                       setup.obs
409  KERNEL32.LoadLibraryA                              setup.obs
410  KERNEL32.RemoveDirectoryA                          setup.obs
411  KERNEL32.SetCurrentDirectoryA                      setup.obs
412  KERNEL32.SetFileAttributesA                        setup.obs
413  KERNEL32.Sleep                                     setup.obs
414  KERNEL32.WritePrivateProfileString                 setup.obs
415  KERNEL32.WritePrivateProfileStringA                setup.obs
416  KERNEL32.WriteProfileStringA                       setup.obs
417  KERNEL32.lstrlen                                   setup.obs
418  Kernel32.GetModuleHandleA                          iswi.obl(ComponentConv.obs)
419  LOBYTE                                             isrt.obl(Misc.obs)
420  LOWORD                                             isrt.obl(Misc.obs)
421  LaunchAgent                                        iswi.obl(HelperFuncs.obs)
422  LaunchAnt                                          setup.obs
423  LaunchApp                                          isrt.obl(Extend.obs)
424  LaunchAppAndWait                                   isrt.obl(Extend.obs)
425  LaunchAppAndWaitInitStartupInfo                    isrt.obl(Extend.obs)
426  LaunchApplication                                  isrt.obl(Extend.obs)
427  LaunchApplicationInit                              isrt.obl(Extend.obs)
428  LaunchBrowser                                      setup.obs
429  ListAddItem                                        isrt.obl(scrlist.obs)
430  ListAddString                                      isrt.obl(scrlist.obs)
431  ListAppendToArray                                  isrt.obl(scrlist.obs)
432  ListCount                                          isrt.obl(scrlist.obs)
433  ListCreate                                         isrt.obl(scrlist.obs)
434  ListCurrentString                                  isrt.obl(scrlist.obs)
435  ListDeleteItem                                     isrt.obl(scrlist.obs)
436  ListDeleteString                                   isrt.obl(scrlist.obs)
437  ListDestroy                                        isrt.obl(scrlist.obs)
438  ListFindString                                     isrt.obl(scrlist.obs)
439  ListGetFirstItem                                   isrt.obl(scrlist.obs)
440  ListGetFirstString                                 isrt.obl(scrlist.obs)
441  ListGetLastString                                  iswi.obl(CompHelperFuncs.obs)
442  ListGetNextItem                                    isrt.obl(scrlist.obs)
443  ListGetNextString                                  isrt.obl(scrlist.obs)
444  ListGetType                                        isrt.obl(scrlist.obs)
445  ListReadFromFile                                   isrt.obl(scrlist.obs)
446  ListSetIndex                                       isrt.obl(scrlist.obs)
447  ListValid                                          isrt.obl(scrlist.obs)
448  ListValidType                                      isrt.obl(scrlist.obs)
449  ListWriteToFile                                    isrt.obl(scrlist.obs)
450  ListWriteToFileEx                                  isrt.obl(scrlist.obs)
451  LoadStringFromStringTable                          iswi.obl(ISWiInit.obs)
452  LogReadCustomString                                isrt.obl(Misc.obs)
453  LogReadCustomVariant                               isrt.obl(Misc.obs)
454  LogWriteCustomString                               isrt.obl(Misc.obs)
455  LogWriteCustomVariant                              isrt.obl(Misc.obs)
456  LongPathFromShortPath                              isrt.obl(Str.obs)
457  LongPathToQuote                                    isrt.obl(Str.obs)
458  LongPathToShortPath                                isrt.obl(Str.obs)
459  MAKELONG                                           isrt.obl(Misc.obs)
460  MIFCreateMIFFile                                   isrt.obl(MIF.obs)
461  MIFDeleteMIFFile                                   isrt.obl(MIF.obs)
462  MIFInitialize                                      isrt.obl(MIF.obs)
463  MIFSetInformation                                  isrt.obl(MIF.obs)
464  MIFUnInitialize                                    isrt.obl(MIF.obs)
465  MIFWasSetInformationCalled                         isrt.obl(MIF.obs)
466  MIOShutdown                                        isrt.obl(MIO.obs)
467  MIOStartup                                         isrt.obl(MIO.obs)
468  MaintenanceStart                                   isrt.obl(Registry.obs)
469  MediaGetData                                       iswi.obl(FeatureConv.obs)
470  MediaGetDataEx                                     iswi.obl(FeatureConv.obs)
471  MessageBeep                                        isrt.obl(Misc.obs)
472  MessageBox                                         isrt.obl(MsgBox.obs)
473  MessageBoxEx                                       isrt.obl(MsgBox.obs)
474  Moved                                              iswi.obl(FileTransferFuncsConv.obs)
475  Moving                                             iswi.obl(FileTransferFuncsConv.obs)
476  MsiCloseHandle                                     iswi.obl(MsiFuncsConv.obs)
477  MsiCreateRecord                                    iswi.obl(MsiFuncsConv.obs)
478  MsiDatabaseOpenView                                iswi.obl(MsiFuncsConv.obs)
479  MsiDoAction                                        iswi.obl(MsiFuncsConv.obs)
480  MsiGetActiveDatabase                               iswi.obl(MsiFuncsConv.obs)
481  MsiGetProperty                                     iswi.obl(MsiFuncsConv.obs)
482  MsiGetPropertyIS                                   iswi.obl(MsiFuncsConv.obs)
483  MsiGetSourcePath                                   iswi.obl(MsiFuncsConv.obs)
484  MsiGetTargetPath                                   iswi.obl(MsiFuncsConv.obs)
485  MsiInstallProduct                                  iswi.obl(MsiFuncsConv.obs)
486  MsiProcessMessage                                  iswi.obl(MsiFuncsConv.obs)
487  MsiQueryFeatureState                               iswi.obl(MsiFuncsConv.obs)
488  MsiRecordGetInteger                                iswi.obl(MsiFuncsConv.obs)
489  MsiRecordGetString                                 iswi.obl(MsiFuncsConv.obs)
490  MsiRecordSetString                                 iswi.obl(MsiFuncsConv.obs)
491  MsiSetProperty                                     iswi.obl(MsiFuncsConv.obs)
492  MsiSetTargetPath                                   iswi.obl(MsiFuncsConv.obs)
493  MsiViewExecute                                     iswi.obl(MsiFuncsConv.obs)
494  MsiViewFetch                                       iswi.obl(MsiFuncsConv.obs)
495  OnAbort                                            iswi.obl(DriverConv.obs)
496  OnAction                                           iswi.obl(ISWiInit.obs)
497  OnAdminInstallUIAfter                              iswi.obl(DriverConv.obs)
498  OnAdminInstallUIBefore                             iswi.obl(DriverConv.obs)
499  OnAdminPatchUIAfter                                iswi.obl(DriverConv.obs)
500  OnAdminPatchUIBefore                               iswi.obl(DriverConv.obs)
501  OnAdvertisementAfter                               iswi.obl(DriverConv.obs)
502  OnAdvertisementBefore                              iswi.obl(DriverConv.obs)
503  OnAppSearch                                        iswi.obl(DriverConv.obs)
504  OnBegin                                            iswi.obl(DriverConv.obs)
505  OnCCPSearch                                        iswi.obl(DriverConv.obs)
506  OnCanceling                                        iswi.obl(DriverConv.obs)
507  OnCheckMediaPassword                               ifx.obl(EventsSetup.obs)
508  OnComponentError                                   iswi.obl(Exceptions.obs)
509  OnCustomizeUninstInfo                              ifx.obl(EventsSetup.obs)
510  OnDIFxLogCallback                                  isrt.obl(ISDIFx.obs)
511  OnDIFxLogCallbackImpl                              isrt.obl(ISDIFx.obs)
512  OnEnd                                              iswi.obl(DriverConv.obs)
513  OnError                                            iswi.obl(DriverConv.obs)
514  OnException                                        iswi.obl(Exceptions.obs)
515  OnFeaturesInstalled                                iswi.obl(FileTransferFuncsConv.obs)
516  OnFeaturesInstalling                               iswi.obl(FileTransferFuncsConv.obs)
517  OnFileError                                        iswi.obl(Exceptions.obs)
518  OnFileLocked                                       iswi.obl(Exceptions.obs)
519  OnFileReadOnly                                     iswi.obl(Exceptions.obs)
520  OnFilesInUse                                       iswi.obl(DriverConv.obs)
521  OnFilterComponents                                 ifx.obl(EventsSetup.obs)
522  OnFirstUIAfter                                     iswi.obl(DriverConv.obs)
523  OnFirstUIBefore                                    iswi.obl(DriverConv.obs)
524  OnGeneratedMSIScript                               iswi.obl(FileTransferFuncsConv.obs)
525  OnGeneratingMSIScript                              iswi.obl(FileTransferFuncsConv.obs)
526  OnHelp                                             iswi.obl(DriverConv.obs)
527  OnIISAppPoolUninstalling                           ifx.obl(EventsPriv.obs)
528  OnIISCheckRequirements                             ifx.obl(EventsPriv.obs)
529  OnIISComponentInstalled                            ifx.obl(EventsPriv.obs)
530  OnIISInitialize                                    ifx.obl(EventsPriv.obs)
531  OnIISUninitialize                                  ifx.obl(EventsPriv.obs)
532  OnIISVRootUninstalling                             ifx.obl(EventsPriv.obs)
533  OnIISWebServiceExtensionUninstalling               ifx.obl(EventsPriv.obs)
534  OnInstallDRMService                                isrt.obl(Activation.obs)
535  OnInstallFilesActionAfter                          iswi.obl(FileTransferFuncsConv.obs)
536  OnInstallFilesActionBefore                         iswi.obl(FileTransferFuncsConv.obs)
537  OnInstalledFile                                    ifx.obl(EventsSetup.obs)
538  OnInstalledFontFile                                ifx.obl(EventsSetup.obs)
539  OnInstallingFile                                   ifx.obl(EventsSetup.obs)
540  OnInternetError                                    iswi.obl(Exceptions.obs)
541  OnLaunchAppAndWaitCallback                         iswi.obl(DriverConv.obs)
542  OnLogonUserSetMsiProperties                        iswi.obl(DriverConv.obs)
543  OnMD5Error                                         iswi.obl(Exceptions.obs)
544  OnMaintUIAfter                                     iswi.obl(DriverConv.obs)
545  OnMaintUIBefore                                    iswi.obl(DriverConv.obs)
546  OnMaintenance                                      iswi.obl(DriverConv.obs)
547  OnMoveData                                         ifx.obl(EventsSetup.obs)
548  OnMoved                                            iswi.obl(FileTransferFuncsConv.obs)
549  OnMoving                                           iswi.obl(FileTransferFuncsConv.obs)
550  OnMsiSilentInstall                                 iswi.obl(DriverConv.obs)
551  OnNetApiCreateUserAccount                          ifx.obl(EventsSetup.obs)
552  OnNetApiCreateUserAccountInternal                  isrt.obl(NetApiRT.obs)
553  OnNextDisk                                         iswi.obl(Exceptions.obs)
554  OnOutOfDiskSpace                                   iswi.obl(DriverConv.obs)
555  OnPatchUIAfter                                     iswi.obl(DriverConv.obs)
556  OnPatchUIBefore                                    iswi.obl(DriverConv.obs)
557  OnRMFilesInUse                                     iswi.obl(DriverConv.obs)
558  OnRebooted                                         iswi.obl(DriverConv.obs)
559  OnRemovingSharedFile                               iswi.obl(Exceptions.obs)
560  OnResolveSource                                    iswi.obl(DriverConv.obs)
561  OnResume                                           iswi.obl(DriverConv.obs)
562  OnResumeUIAfter                                    iswi.obl(DriverConv.obs)
563  OnResumeUIBefore                                   iswi.obl(DriverConv.obs)
564  OnSQLBatchScripts                                  ifx.obl(EventsPriv.obs)
565  OnSQLComponentInstalled                            ifx.obl(EventsPriv.obs)
566  OnSQLComponentUninstalled                          ifx.obl(EventsPriv.obs)
567  OnSQLLogin                                         iswi.obl(DriverConv.obs)
568  OnSQLServerInitialize                              ifx.obl(EventsPriv.obs)
569  OnSQLServerInitializeMaint                         ifx.obl(EventsPriv.obs)
570  OnSelfRegistrationError                            iswi.obl(Exceptions.obs)
571  OnSetTARGETDIR                                     ifx.obl(EventsSetup.obs)
572  OnSetUpdateMode                                    ifx.obl(EventsSetup.obs)
573  OnShowUI                                           ifx.obl(EventsSetup.obs)
574  OnUnInstallDRMService                              isrt.obl(Activation.obs)
575  OnUnhandledException                               iswi.obl(DriverConv.obs)
576  OnUninstall                                        iswi.obl(DriverConv.obs)
577  OnUninstalledFile                                  ifx.obl(EventsSetup.obs)
578  OnUninstallingDIFxDriverFile                       ifx.obl(EventsSetup.obs)
579  OnUninstallingFile                                 ifx.obl(EventsSetup.obs)
580  OnUninstallingFontFile                             ifx.obl(EventsSetup.obs)
581  OnUpdateService                                    iswi.obl(DriverConv.obs)
582  OnUpdateUIAfter                                    ifx.obl(EventsSetup.obs)
583  OnUpdateUIBefore                                   ifx.obl(EventsSetup.obs)
584  OnWarning                                          iswi.obl(DriverConv.obs)
585  OnXMLComponentInstalled                            ifx.obl(EventsPriv.obs)
586  OnXMLComponentUninstalling                         ifx.obl(EventsPriv.obs)
587  OnXMLInitialize                                    ifx.obl(EventsPriv.obs)
588  OnXMLUninitialize                                  ifx.obl(EventsPriv.obs)
589  OpenFile                                           isrt.obl(Files.obs)
590  OpenFileMode                                       isrt.obl(Files.obs)
591  PCRestoreInit                                      isrt.obl(PCRestore.obs)
592  PCRestoreOnAbort                                   isrt.obl(PCRestore.obs)
593  PCRestoreOnBegin                                   isrt.obl(PCRestore.obs)
594  PCRestoreOnExit                                    isrt.obl(PCRestore.obs)
595  ParsePath                                          isrt.obl(Str.obs)
596  PopulateConfig                                     setup.obs
597  PostShowComponentDlg                               iswi.obl(ISWiInit.obs)
598  Postprogram                                        iswi.obl(DriverConv.obs)
599  PreShowComponentDlg                                iswi.obl(ISWiInit.obs)
600  Preprogram                                         iswi.obl(DriverConv.obs)
601  PthFixPath                                         isrt.obl(Pth.obs)
602  PthIsAbsPath                                       isrt.obl(Pth.obs)
603  PthIsRoot                                          isrt.obl(Pth.obs)
604  ReadProperties                                     ifx.obl(PersistPropertyBag.obs)
605  RebootNeeded                                       iswi.obl(FileTransferFuncsConv.obs)
606  Rebooted                                           isrt.obl(Driver.obs)
607  RedirectMsiCloseHandle                             iswi.obl(RedirectedMsiFuncsConv.obs)
608  RedirectMsiCreateRecord                            iswi.obl(RedirectedMsiFuncsConv.obs)
609  RedirectMsiGetActiveDatabase                       iswi.obl(RedirectedMsiFuncsConv.obs)
610  RedirectMsiProcessMessage                          iswi.obl(RedirectedMsiFuncsConv.obs)
611  RedirectMsiRecordGetInteger                        iswi.obl(RedirectedMsiFuncsConv.obs)
612  RedirectMsiViewExecute                             iswi.obl(RedirectedMsiFuncsConv.obs)
613  RedirectMsiViewFetch                               iswi.obl(RedirectedMsiFuncsConv.obs)
614  RegDBDeleteItem                                    isrt.obl(Registry.obs)
615  RegDBDeleteValue                                   isrt.obl(Registry.obs)
616  RegDBDeleteValueEx                                 isrt.obl(Registry.obs)
617  RegDBDeleteValueEx32                               isrt.obl(Registry.obs)
618  RegDBGetDefaultRoot                                isrt.obl(SysVars.obs)
619  RegDBGetItem                                       isrt.obl(Registry.obs)
620  RegDBGetKeyValueEx                                 isrt.obl(Registry.obs)
621  RegDBQueryKey                                      isrt.obl(Registry.obs)
622  RegDBQueryKeyCount                                 isrt.obl(Registry.obs)
623  RegDBQueryStringMultiStringCount                   isrt.obl(Registry.obs)
624  RegDBQueryValue                                    isrt.obl(Registry.obs)
625  RegDBQueryValue32                                  isrt.obl(Registry.obs)
626  RegDBSetDefaultRoot                                isrt.obl(SysVars.obs)
627  RegDBSetItem                                       isrt.obl(Registry.obs)
628  RegDBSetKeyValueEx                                 isrt.obl(Registry.obs)
629  RegDBSetValue                                      isrt.obl(Registry.obs)
630  RegDBSetValue32                                    isrt.obl(Registry.obs)
631  RegDBSetVersion                                    isrt.obl(Registry.obs)
632  RegisterFontResource                               isrt.obl(Misc.obs)
633  ReleaseDialog                                      isrt.obl(CustomDialog.obs)
634  RemoveSpaces                                       iswi.obl(HelperFuncs.obs)
635  ResolveShellObjectsFolder                          iswi.obl(CompHelperFuncs.obs)
636  RollbackFiles                                      setup.obs
637  SdAskDestPath                                      isrt.obl(SdAskDestPathDlg.obs)
638  SdCloseDlg                                         isrt.obl(SDINT.obs)
639  SdComponentDlgCheckSpace                           isrt.obl(SDINT.obs)
640  SdCustomerInformation                              iswi.obl(SdCustInfo.obs)
641  SdDlgToTop                                         isrt.obl(SDINT.obs)
642  SdDoStdButton                                      isrt.obl(SDINT.obs)
643  SdEnablement                                       isrt.obl(SDINT.obs)
644  SdError                                            isrt.obl(SDINT.obs)
645  SdExceptionsInit                                   isrt.obl(SdExceptions.obs)
646  SdFeatureTree                                      isrt.obl(SdComponentTreeDlg.obs)
647  SdFilesInUse                                       isrt.obl(SdFilesInUse.obs)
648  SdFinish                                           isrt.obl(SdFinishDlg.obs)
649  SdFinishEx                                         iswi.obl(SdFinishExConv.obs)
650  SdFinishReboot                                     isrt.obl(SdFinishRebootDlg.obs)
651  SdFinishUpdate                                     iswi.obl(SdFinishUpdate.obs)
652  SdFinishUpdateReboot                               iswi.obl(SdFinUpdateRebot.obs)
653  SdGeneralInit                                      isrt.obl(SDINT.obs)
654  SdInit                                             isrt.obl(SDINT.obs)
655  SdIsStdButton                                      isrt.obl(SDINT.obs)
656  SdLoadString                                       isrt.obl(SDINT.obs)
657  SdMakeName                                         isrt.obl(SDINT.obs)
658  SdOutOfDiskSpace                                   iswi.obl(SdDiskReqs.obs)
659  SdPatchWelcome                                     iswi.obl(SdPatchWel.obs)
660  SdPlugInProductName                                isrt.obl(SDINT.obs)
661  SdRMFilesInUse                                     isrt.obl(SdFilesInUse.obs)
662  SdSetDlgTitle                                      isrt.obl(SDINT.obs)
663  SdSetStatic                                        isrt.obl(SDINT.obs)
664  SdSetupCompleteError                               iswi.obl(SdSetupCompleteError.obs)
665  SdShowMsg                                          isrt.obl(SDSMSG.obs)
666  SdStartCopy                                        isrt.obl(SdStartCopyDlg.obs)
667  SdSubstituteProductInfo                            isrt.obl(SDINT.obs)
668  SdUnInit                                           isrt.obl(SDINT.obs)
669  SdWelcome                                          isrt.obl(SdWelcomeDlg.obs)
670  SdWelcomeMaint                                     isrt.obl(SdWelcomeMaintDlg.obs)
671  SelectDir                                          isrt.obl(SelectDir.obs)
672  SelectDirNoLog                                     isrt.obl(SelectDir.obs)
673  SendMessage                                        isrt.obl(Misc.obs)
674  ServiceExistsService                               isrt.obl(Service.obs)
675  ServiceInitParams                                  isrt.obl(Service.obs)
676  ServiceRemoveService                               isrt.obl(Service.obs)
677  ServiceStartService                                isrt.obl(Service.obs)
678  ServiceStopService                                 isrt.obl(Service.obs)
679  SetCmdLine                                         isrt.obl(SysVars.obs)
680  SetDisplayEffect                                   isrt.obl(ui.obs)
681  SetExtendedErrInfo                                 isrt.obl(IsUtil.obs)
682  SetGlobalVars                                      iswi.obl(ISWiInit.obs)
683  SetInstallationInfo                                isrt.obl(Registry.obs)
684  SetMifInformationOnly                              isrt.obl(Registry.obs)
685  SetStatus                                          ifx.obl(EventsSetupPriv.obs)
686  SetStatusEx                                        ifx.obl(EventsSetupPriv.obs)
687  SetStatusExStaticText                              isrt.obl(ui.obs)
688  SetStatusWindow                                    isrt.obl(ui.obs)
689  SetTitle                                           isrt.obl(ui.obs)
690  SetUpdateStatus                                    iswi.obl(HelperFuncs.obs)
691  SetUpdateStatusReboot                              iswi.obl(HelperFuncs.obs)
692  SetupTraceWrite                                    isrt.obl(Misc.obs)
693  SetupType                                          isrt.obl(SetupTypeDlg.obs)
694  Shell32.ShellExecuteA                              setup.obs
695  Shell32.ShellExecuteEx                             setup.obs
696  ShowObjWizardPages                                 iswi.obl(ObjectsConv.obs)
697  SilentCreateFile                                   isrt.obl(Silent.obs)
698  SilentDoGeneralInfo                                isrt.obl(Silent.obs)
699  SilentFailed                                       isrt.obl(Silent.obs)
700  SilentFinish                                       isrt.obl(Silent.obs)
701  SilentInit                                         isrt.obl(Silent.obs)
702  SilentLogWriteData                                 isrt.obl(Silent.obs)
703  SilentReadData                                     isrt.obl(Silent.obs)
704  SilentSetInfo                                      isrt.obl(Silent.obs)
705  SilentSetMode                                      isrt.obl(Silent.obs)
706  SilentWriteData                                    isrt.obl(Silent.obs)
707  Sprintf                                            isrt.obl(Str.obs)
708  SprintfBox                                         isrt.obl(MsgBox.obs)
709  SprintfMsiLog                                      iswi.obl(HelperFuncs.obs)
710  StartAgent                                         setup.obs
711  StartServer                                        setup.obs
712  StatusUpdate                                       isrt.obl(ui.obs)
713  StrAddLastSlash                                    isrt.obl(Str.obs)
714  StrDelete                                          iswi.obl(HelperFuncs.obs)
715  StrFindEx                                          isrt.obl(Str.obs)
716  StrGetTokens                                       isrt.obl(Str.obs)
717  StrLength                                          isrt.obl(Str.obs)
718  StrRemoveLastSlash                                 isrt.obl(Str.obs)
719  StrRemoveSpaces                                    isrt.obl(Str.obs)
720  StrReplace                                         isrt.obl(Str.obs)
721  StrToNumHex                                        isrt.obl(Str.obs)
722  StrToUpper                                         isrt.obl(Str.obs)
723  SysVarsInit                                        isrt.obl(SysVars.obs)
724  SysVarsInitConv                                    iswi.obl(SysVarsConv.obs)
725  SysVarsTrace                                       isrt.obl(SysVars.obs)
726  SysVarsUnInit                                      iswi.obl(SysVarsConv.obs)
727  System                                             isrt.obl(Misc.obs)
728  TextSubGetValue                                    isrt.obl(TextSub.obs)
729  TextSubParseTextSub                                isrt.obl(TextSub.obs)
730  TextSubSetValue                                    isrt.obl(TextSub.obs)
731  TextSubSubstitute                                  isrt.obl(TextSub.obs)
732  TreeViewCreate                                     isrt.obl(CmptView.obs)
733  USER.EnableWindow                                  setup.obs
734  USER.GetClassName                                  setup.obs
735  USER.GetDC                                         setup.obs
736  USER.GetDlgItem                                    setup.obs
737  USER.GetFocus                                      setup.obs
738  USER.GetWindowLong                                 setup.obs
739  USER.IsIconic                                      setup.obs
740  USER.IsWindow                                      setup.obs
741  USER.IsWindowVisible                               setup.obs
742  USER.PostMessage                                   setup.obs
743  USER.ReleaseDC                                     setup.obs
744  USER.SendMessageA                                  setup.obs
745  USER.SetFocus                                      setup.obs
746  USER.SetForegroundWindow                           setup.obs
747  USER.SetWindowPos                                  setup.obs
748  USER.SetWindowText                                 setup.obs
749  USER.ShowWindow                                    setup.obs
750  USER32.CharUpperBuffA                              setup.obs
751  USER32.DispatchMessage                             setup.obs
752  USER32.FindWindowA                                 setup.obs
753  USER32.GetDlgItem                                  iswi.obl(SdDiskReqs.obs)
754  USER32.GetSystemMetrics                            setup.obs
755  USER32.GetWindowRect                               iswi.obl(SdDiskReqs.obs)
756  USER32.GetWindowText                               setup.obs
757  USER32.GetWindowTextLength                         setup.obs
758  USER32.MessageBoxA                                 setup.obs
759  USER32.MsgWaitForMultipleObjects                   setup.obs
760  USER32.PeekMessageA                                setup.obs
761  USER32.SendMessageA                                setup.obs
762  USER32.SetWindowLong                               setup.obs
763  USER32.SetWindowRgn                                setup.obs
764  USER32.TranslateMessage                            setup.obs
765  USER32.WaitForInputIdle                            setup.obs
766  UninstallActions                                   setup.obs
767  UpdateServiceEnableUpdateService                   isrt.obl(ISUpdateService.obs)
768  UpdateServiceOnEnabledStateChange                  isrt.obl(ISUpdateService.obs)
769  UpdateServiceRegisterAfterReboot                   isrt.obl(ISUpdateService.obs)
770  UpdateServiceRegisterProductEx                     isrt.obl(ISUpdateService.obs)
771  UpdateShortcuts                                    setup.obs
772  User32.DestroyWindow                               iswi.obl(SdDiskReqs.obs)
773  User32.LoadStringA                                 iswi.obl(ComponentConv.obs)
774  ValidateAdminPassword                              setup.obs
775  ValidateAgentPassword                              setup.obs
776  ValidateAgentPort                                  setup.obs
777  ValidateDBPassword                                 setup.obs
778  ValidateEnginePorts                                setup.obs
779  ValidateInstallDirs                                setup.obs
780  ValidatePorts                                      setup.obs
781  ValidateWebPorts                                   setup.obs
782  VarInit                                            isrt.obl(SysVars.obs)
783  VarRestore                                         iswi.obl(SysVarsConv.obs)
784  VarRestoreISRT                                     isrt.obl(SysVars.obs)
785  VarSave                                            iswi.obl(SysVarsConv.obs)
786  VarSaveISRT                                        isrt.obl(SysVars.obs)
787  VerProductCompareVersions                          isrt.obl(version.obs)
788  VerProductGetInstalledVersion                      isrt.obl(version.obs)
789  VerProductIsVersionSupported                       isrt.obl(version.obs)
790  VerProductNumToStr                                 isrt.obl(version.obs)
791  VerProductStrToNum                                 isrt.obl(version.obs)
792  VerProductVerFromVerParts                          isrt.obl(version.obs)
793  VerProductVerPartsFromVer                          isrt.obl(version.obs)
794  WaitForApplication                                 isrt.obl(Extend.obs)
795  WaitOnDialog                                       isrt.obl(CustomDialog.obs)
796  WizardDirection                                    ifx.obl(EventsSetupPriv.obs)
797  WriteAgentProperties                               setup.obs
798  WriteInstallSummary                                setup.obs
799  WriteLine                                          isrt.obl(Files.obs)
800  WriteProfInt                                       isrt.obl(Profile.obs)
801  WriteProfString                                    isrt.obl(Profile.obs)
802  WriteProperties                                    ifx.obl(PersistPropertyBag.obs)
803  __AddIntegerToArray                                iswi.obl(HelperFuncs.obs)
804  __AddStringToArray                                 iswi.obl(HelperFuncs.obs)
805  __Begin                                            iswi.obl(DriverConv.obs)
806  __ComponentListItemsEx                             iswi.obl(CompHelperFuncs.obs)
807  __ComponentListItemsExInstall                      iswi.obl(CompHelperFuncs.obs)
808  __ComponentListItemsExUnInstall                    iswi.obl(CompHelperFuncs.obs)
809  __ComponentMoveXferData                            iswi.obl(CompHelperFuncs.obs)
810  __End                                              iswi.obl(DriverConv.obs)
811  __GetFinishMode                                    iswi.obl(ISWiInit.obs)
812  __GetMsiHandle                                     iswi.obl(SysVarsConv.obs)
813  __GetSourceDir                                     iswi.obl(SysVarsConv.obs)
814  __HandleError                                      iswi.obl(ErrHandler.obs)
815  __ISRTDoExit                                       isrt.obl(Misc.obs)
816  __ISRTInit                                         isrt.obl(ISRTInit.obs)
817  __ISRTRestoreMainLog                               isrt.obl(ISRTInit.obs)
818  __ISRTRestoreMainLogEx                             isrt.obl(ISRTInit.obs)
819  __ISRTSetComponentLog                              isrt.obl(ISRTInit.obs)
820  __ISRTUnInit                                       isrt.obl(ISRTInit.obs)
821  __ISWIInit                                         iswi.obl(ISWiInit.obs)
822  __ISWIMsiHandle                                    iswi.obl(ISWiInit.obs)
823  __ISWIUnInit                                       iswi.obl(ISWiInit.obs)
824  __IsArrayEmpty                                     iswi.obl(HelperFuncs.obs)
825  __LoadIScriptString                                isrt.obl(LoadStr.obs)
826  __Moved                                            iswi.obl(FileTransferFuncsConv.obs)
827  __Moving                                           iswi.obl(FileTransferFuncsConv.obs)
828  __MsiOpenView                                      iswi.obl(CompHelperFuncs.obs)
829  __MsiQueryFeatureState                             iswi.obl(MsiWrappersConv.obs)
830  __MsiRecordGetString                               iswi.obl(MsiWrappersConv.obs)
831  __OnAbort                                          iswi.obl(DriverConv.obs)
832  __OnAdminPatch                                     iswi.obl(DriverConv.obs)
833  __OnAdministrativeInstall                          iswi.obl(DriverConv.obs)
834  __OnAdvertisement                                  iswi.obl(DriverConv.obs)
835  __OnBegin                                          iswi.obl(DriverConv.obs)
836  __OnCanceling                                      iswi.obl(DriverConv.obs)
837  __OnEnd                                            iswi.obl(DriverConv.obs)
838  __OnError                                          iswi.obl(DriverConv.obs)
839  __OnMsiMaintenance                                 iswi.obl(DriverConv.obs)
840  __OnMsiRebooted                                    iswi.obl(DriverConv.obs)
841  __OnMsiSilentInstall                               iswi.obl(DriverConv.obs)
842  __OnMsiUninstall                                   iswi.obl(DriverConv.obs)
843  __OnPatch                                          iswi.obl(DriverConv.obs)
844  __OnResume                                         iswi.obl(DriverConv.obs)
845  __OnWarning                                        iswi.obl(DriverConv.obs)
846  __ResetMsiObject                                   iswi.obl(ISWiInit.obs)
847  __SetMaintenance                                   iswi.obl(ISWiInit.obs)
848  __SetMsiHandle                                     iswi.obl(SysVarsConv.obs)
849  __SetMsiServer                                     iswi.obl(ISWiInit.obs)
850  __SetPatch                                         iswi.obl(SysVarsConv.obs)
851  __SetSourceDir                                     iswi.obl(SysVarsConv.obs)
852  isrt._ComponentGetData                             iswi.obl(ComponentConv.obs)
853  isrt._ComponentIsItemSelected                      iswi.obl(ComponentConv.obs)
854  isrt._ComponentListItems                           iswi.obl(ComponentConv.obs)
855  isrt._ComponentReinstall                           iswi.obl(ComponentConv.obs)
856  isrt._ComponentRemoveAll                           iswi.obl(ComponentConv.obs)
857  isrt._ComponentSelectItem                          iswi.obl(ComponentConv.obs)
858  isrt._ComponentSetupTypeSet                        iswi.obl(ComponentConv.obs)
859  isrt._EnableDialogCache                            iswi.obl(ISWiInit.obs)
860  kernel32.GetLocalTime                              iswi.obl(ErrHandler.obs)
861  kernel32.GetWindowsDirectoryA                      iswi.obl(ErrHandler.obs)
862  msi.MsiCloseHandle                                 iswi.obl(RedirectedMsiFuncsConv.obs)
863  msi.MsiCreateRecord                                iswi.obl(RedirectedMsiFuncsConv.obs)
864  msi.MsiDatabaseOpenViewA                           setup.obs
865  msi.MsiDoActionA                                   setup.obs
866  msi.MsiGetActiveDatabase                           iswi.obl(RedirectedMsiFuncsConv.obs)
867  msi.MsiGetProductInfoA                             setup.obs
868  msi.MsiGetPropertyA                                setup.obs
869  msi.MsiGetSourcePathA                              setup.obs
870  msi.MsiGetTargetPathA                              setup.obs
871  msi.MsiOpenDatabaseA                               setup.obs
872  msi.MsiProcessMessage                              iswi.obl(RedirectedMsiFuncsConv.obs)
873  msi.MsiQueryFeatureStateA                          setup.obs
874  msi.MsiRecordGetInteger                            iswi.obl(RedirectedMsiFuncsConv.obs)
875  msi.MsiRecordGetStringA                            setup.obs
876  msi.MsiRecordSetStringA                            setup.obs
877  msi.MsiSetPropertyA                                setup.obs
878  msi.MsiSetTargetPathA                              setup.obs
879  msi.MsiViewExecute                                 iswi.obl(RedirectedMsiFuncsConv.obs)
880  msi.MsiViewFetch                                   iswi.obl(RedirectedMsiFuncsConv.obs)
881  program                                            iswi.obl(DriverConv.obs)
882  sfc.SRSetRestorePoint                              setup.obs
883  wsock32.WSACleanup                                 setup.obs
884  wsock32.WSAStartup                                 setup.obs
885  wsock32.bind                                       setup.obs
886  wsock32.closesocket                                setup.obs
887  wsock32.gethostbyname                              setup.obs
888  wsock32.gethostname                                setup.obs
889  wsock32.htons                                      setup.obs
890  wsock32.inet_addr                                  setup.obs
891  wsock32.inet_ntoa                                  setup.obs
892  wsock32.socket                                     setup.obs


***** External Variables *****
1    ADDREMOVE                                          iswi.obl(HelperFuncs.obs)
2    ADDREMOVE_COMBINEDBUTTON                           setup.obs
3    ADDREMOVE_HIDECHANGEOPTION                         setup.obs
4    ADDREMOVE_HIDEREMOVEOPTION                         setup.obs
5    ADDREMOVE_HIDEREPAIROPTION                         setup.obs
6    ADDREMOVE_STRING_REMOVEONLY                        setup.obs
7    ADDREMOVE_SYSTEMCOMPONENT                          setup.obs
8    ADMINUSER                                          setup.obs
9    ALLUSERS                                           setup.obs
10   AdminToolsFolder                                   iswi.obl(DebugSymbolsConv.obs)
11   AppDataFolder                                      iswi.obl(DebugSymbolsConv.obs)
12   BASICMSI                                           iswi.obl(HelperFuncs.obs)
13   BATCH_INSTALL                                      setup.obs
14   CMDLINE                                            iswi.obl(HelperFuncs.obs)
15   CMPTFILTERLANGOBJ                                  iswi.obl(CompHelperFuncs.obs)
16   COMMONFILES                                        iswi.obl(HelperFuncs.obs)
17   COMMONFILES64                                      iswi.obl(HelperFuncs.obs)
18   CommonAppDataFolder                                iswi.obl(DebugSymbolsConv.obs)
19   CommonFiles64Folder                                iswi.obl(DebugSymbolsConv.obs)
20   CommonFilesFolder                                  iswi.obl(DebugSymbolsConv.obs)
21   DISABLE_ALLUSERBTN                                 setup.obs
22   DISABLE_PERUSERBTN                                 setup.obs
23   DISK1SETUPEXENAME                                  iswi.obl(HelperFuncs.obs)
24   DISK1TARGET                                        setup.obs
25   DesktopFolder                                      iswi.obl(DebugSymbolsConv.obs)
26   ENABLED_ISERVICES                                  iswi.obl(HelperFuncs.obs)
27   ENGINECOMMONDIR                                    iswi.obl(HelperFuncs.obs)
28   ENGINEDIR                                          iswi.obl(HelperFuncs.obs)
29   ERRORFILENAME                                      setup.obs
30   ERRORINFO                                          iswi.obl(ComponentConv.obs)
31   Err                                                setup.obs
32   FEATURE                                            iswi.obl(ComponentConv.obs)
33   FILEERROR                                          iswi.obl(ComponentConv.obs)
34   FILETIME                                           setup.obs
35   FIND_DATA                                          setup.obs
36   FOLDER_APPDATA                                     iswi.obl(HelperFuncs.obs)
37   FOLDER_COMMON_APPDATA                              iswi.obl(HelperFuncs.obs)
38   FOLDER_DESKTOP                                     iswi.obl(HelperFuncs.obs)
39   FOLDER_DOTNET_10                                   iswi.obl(HelperFuncs.obs)
40   FOLDER_DOTNET_11                                   iswi.obl(HelperFuncs.obs)
41   FOLDER_DOTNET_20                                   iswi.obl(HelperFuncs.obs)
42   FOLDER_DOTNET_30                                   iswi.obl(HelperFuncs.obs)
43   FOLDER_FONTS                                       iswi.obl(HelperFuncs.obs)
44   FOLDER_LOCAL_APPDATA                               iswi.obl(HelperFuncs.obs)
45   FOLDER_PERSONAL                                    iswi.obl(HelperFuncs.obs)
46   FOLDER_PROGRAMS                                    iswi.obl(HelperFuncs.obs)
47   FOLDER_STARTMENU                                   iswi.obl(HelperFuncs.obs)
48   FOLDER_STARTUP                                     iswi.obl(HelperFuncs.obs)
49   FOLDER_TEMP                                        iswi.obl(HelperFuncs.obs)
50   FavoritesFolder                                    iswi.obl(DebugSymbolsConv.obs)
51   FileRegistrar                                      setup.obs
52   FontsFolder                                        iswi.obl(DebugSymbolsConv.obs)
53   HKEYCURRENTROOTKEY                                 setup.obs
54   HostEnt                                            setup.obs
55   IFX_COMPANY_NAME                                   setup.obs
56   IFX_DISK1INSTALLED                                 setup.obs
57   IFX_INITIALIZED                                    setup.obs
58   IFX_INSTALLED_DISPLAY_VERSION                      setup.obs
59   IFX_INSTALLED_VERSION                              setup.obs
60   IFX_KEYPATH_PRODUCT_INFO                           setup.obs
61   IFX_MULTI_INSTANCE_SUFFIX                          setup.obs
62   IFX_NETAPI_GROUP                                   setup.obs
63   IFX_NETAPI_PASSWORD                                setup.obs
64   IFX_NETAPI_USER_ACCOUNT                            setup.obs
65   IFX_PRODUCT_COMMENTS                               setup.obs
66   IFX_PRODUCT_DISPLAY_NAME                           setup.obs
67   IFX_PRODUCT_DISPLAY_VERSION                        setup.obs
68   IFX_PRODUCT_ICON                                   setup.obs
69   IFX_PRODUCT_KEY                                    setup.obs
70   IFX_PRODUCT_NAME                                   setup.obs
71   IFX_PRODUCT_README                                 setup.obs
72   IFX_PRODUCT_REGISTEREDCOMPANY                      setup.obs
73   IFX_PRODUCT_REGISTEREDOWNER                        setup.obs
74   IFX_PRODUCT_REGISTEREDSERIALNUM                    setup.obs
75   IFX_PRODUCT_SUPPORT_CONTACT                        setup.obs
76   IFX_PRODUCT_SUPPORT_PHONE                          setup.obs
77   IFX_PRODUCT_SUPPORT_URL                            setup.obs
78   IFX_PRODUCT_UPDATE_URL                             setup.obs
79   IFX_PRODUCT_URL                                    setup.obs
80   IFX_PRODUCT_VERSION                                setup.obs
81   IFX_SETUP_TITLE                                    setup.obs
82   IFX_SUPPORTED_VERSIONS                             setup.obs
83   IISROOTFOLDER                                      iswi.obl(HelperFuncs.obs)
84   INSTALLDIR                                         setup.obs
85   INSTALLSCRIPTMSI                                   iswi.obl(HelperFuncs.obs)
86   INSTANCE_GUID                                      iswi.obl(HelperFuncs.obs)
87   IPAddr                                             setup.obs
88   IPAddrList                                         setup.obs
89   IPName                                             setup.obs
90   ISDIFXAPPID                                        setup.obs
91   ISMSI_HANDLE                                       iswi.obl(DebugSymbolsConv.obs)
92   ISRES                                              iswi.obl(HelperFuncs.obs)
93   ISUSER                                             iswi.obl(HelperFuncs.obs)
94   ISUTIL_FUNCTION_ACTUAL_ERROR                       setup.obs
95   ISUTIL_FUNCTION_ERROR                              iswi.obl(CompHelperFuncs.obs)
96   ISUTIL_LINE_NUMBER                                 setup.obs
97   ISUTIL_POSITIVE_ERROR                              iswi.obl(CompHelperFuncs.obs)
98   ISUTIL_SCRIPT_FILE                                 setup.obs
99   ISVERSION                                          iswi.obl(HelperFuncs.obs)
100  InetSRCDIR                                         setup.obs
101  LAAW_PARAMETERS                                    setup.obs
102  LAAW_PROCESS_INFORMATION                           setup.obs
103  LAAW_SHELLEXECUTEINFO                              setup.obs
104  LAAW_SHELLEXECUTEVERB                              setup.obs
105  LAAW_STARTUPINFO                                   setup.obs
106  LAST_RESULT                                        setup.obs
107  LVITEM                                             iswi.obl(SdDiskReqs.obs)
108  LV_COLUMN                                          iswi.obl(SdDiskReqs.obs)
109  LocalAppDataFolder                                 iswi.obl(DebugSymbolsConv.obs)
110  LogDB                                              setup.obs
111  MAINTENANCE                                        iswi.obl(HelperFuncs.obs)
112  MAINT_OPTION                                       iswi.obl(HelperFuncs.obs)
113  MEDIA                                              setup.obs
114  MEDIA_INFO                                         iswi.obl(FeatureConv.obs)
115  MODE                                               setup.obs
116  MSG                                                setup.obs
117  MULTI_INSTANCE_COUNT                               iswi.obl(HelperFuncs.obs)
118  MainWindow                                         setup.obs
119  MyPicturesFolder                                   iswi.obl(DebugSymbolsConv.obs)
120  NOTHING                                            setup.obs
121  NetHoodFolder                                      iswi.obl(DebugSymbolsConv.obs)
122  OSINFO_PLATFORM_INFO                               setup.obs
123  OSINFO_PROCESSOR_INFO                              setup.obs
124  OSVERSIONINFO                                      setup.obs
125  OSVERSIONINFOEX                                    setup.obs
126  Objects                                            setup.obs
127  OriginalDatabase                                   iswi.obl(DebugSymbolsConv.obs)
128  PACKAGE_LOCATION                                   iswi.obl(HelperFuncs.obs)
129  PATCH                                              iswi.obl(DebugSymbolsConv.obs)
130  POINT                                              setup.obs
131  PRIVILEGED                                         setup.obs
132  PROCESS_INFORMATION                                setup.obs
133  PRODUCT_GUID                                       iswi.obl(HelperFuncs.obs)
134  PROGRAMFILES                                       iswi.obl(HelperFuncs.obs)
135  PROGRAMFILES64                                     iswi.obl(HelperFuncs.obs)
136  PersonalFolder                                     iswi.obl(DebugSymbolsConv.obs)
137  PrintHoodFolder                                    iswi.obl(DebugSymbolsConv.obs)
138  ProgramFiles64Folder                               iswi.obl(DebugSymbolsConv.obs)
139  ProgramFilesFolder                                 iswi.obl(DebugSymbolsConv.obs)
140  ProgramMenuFolder                                  iswi.obl(DebugSymbolsConv.obs)
141  RECT                                               setup.obs
142  REGDB_OPTIONS                                      setup.obs
143  REINSTALLMODE                                      iswi.obl(HelperFuncs.obs)
144  REMOVEALLMODE                                      iswi.obl(HelperFuncs.obs)
145  REMOVEONLY                                         iswi.obl(HelperFuncs.obs)
146  RUN_ONCE_PROGRAM                                   iswi.obl(HelperFuncs.obs)
147  Reboot                                             setup.obs
148  RecentFolder                                       iswi.obl(DebugSymbolsConv.obs)
149  SELECTED_LANGUAGE                                  iswi.obl(HelperFuncs.obs)
150  SERVICE_IS_PARAMS                                  setup.obs
151  SERVICE_IS_STATUS                                  setup.obs
152  SETUPTYPE_STR_COMPACT                              setup.obs
153  SETUPTYPE_STR_COMPLETE                             setup.obs
154  SETUPTYPE_STR_CUSTOM                               setup.obs
155  SETUPTYPE_STR_TYPICAL                              setup.obs
156  SHELLEXECUTEINFO                                   setup.obs
157  SHELL_OBJECT_FOLDER                                setup.obs
158  SHOW_PASSWORD_DIALOG                               iswi.obl(HelperFuncs.obs)
159  SRCDIR                                             setup.obs
160  SRCDISK                                            iswi.obl(HelperFuncs.obs)
161  STARTUPINFO                                        setup.obs
162  SUPPORTDIR                                         iswi.obl(HelperFuncs.obs)
163  SYSTEMTIME                                         setup.obs
164  SYSTEMTIME2                                        iswi.obl(ErrHandler.obs)
165  SendToFolder                                       iswi.obl(DebugSymbolsConv.obs)
166  SetupInfo                                          setup.obs
167  SockAddPtr                                         setup.obs
168  SourceDir                                          iswi.obl(DebugSymbolsConv.obs)
169  StartMenuFolder                                    iswi.obl(DebugSymbolsConv.obs)
170  StartupFolder                                      iswi.obl(DebugSymbolsConv.obs)
171  StatusDlg                                          setup.obs
172  System16Folder                                     iswi.obl(DebugSymbolsConv.obs)
173  System64Folder                                     iswi.obl(DebugSymbolsConv.obs)
174  SystemFolder                                       iswi.obl(DebugSymbolsConv.obs)
175  TARGETDIR                                          setup.obs
176  TARGETDISK                                         iswi.obl(HelperFuncs.obs)
177  TempFolder                                         iswi.obl(DebugSymbolsConv.obs)
178  TemplateFolder                                     iswi.obl(DebugSymbolsConv.obs)
179  TextSub                                            setup.obs
180  UNINST                                             setup.obs
181  UNINSTALLKEY                                       setup.obs
182  UNINSTALL_DISPLAYNAME                              setup.obs
183  UNINSTALL_STRING                                   setup.obs
184  UPDATEMODE                                         setup.obs
185  WINDIR                                             iswi.obl(HelperFuncs.obs)
186  WINDISK                                            iswi.obl(HelperFuncs.obs)
187  WINSYSDIR                                          iswi.obl(HelperFuncs.obs)
188  WINSYSDIR64                                        iswi.obl(HelperFuncs.obs)
189  WINSYSDISK                                         iswi.obl(HelperFuncs.obs)
190  WSAData                                            setup.obs
191  WindowsFolder                                      iswi.obl(DebugSymbolsConv.obs)
192  WindowsVolume                                      iswi.obl(DebugSymbolsConv.obs)
193  _FONTFILEINFO                                      ifx.obl(EventsPriv.obs)
194  _INT64                                             setup.obs
195  _ISDIFXINSTALLERINFO                               isrt.obl(ISDIFx.obs)
196  _LAAW_PARAMETERS                                   setup.obs
197  _LAAW_TEMP_DATA                                    isrt.obl(Extend.obs)
198  _RESTOREINFO_                                      setup.obs
199  _RESTOREPTINFO                                     setup.obs
200  _SAFEARRAY                                         isrt.obl(Misc.obs)
201  _SERVICE_IS_PARAMS                                 setup.obs
202  _SERVICE_IS_STATUS                                 setup.obs
203  _SMGRSTATUS                                        setup.obs
204  _SMGSTATUS_                                        setup.obs
205  _VARIANT                                           isrt.obl(Misc.obs)
206  _WIN9X                                             setup.obs
207  _WINNT                                             setup.obs
208  __SYSTEMINFORMATION                                setup.obs
209  __SYSTEMPROCESSORINFORMATION                       setup.obs
210  __gbAliasingOff                                    iswi.obl(CompHelperFuncs.obs)
211  __gbCheckForUpdate                                 iswi.obl(CompHelperFuncs.obs)
212  __gbCheckUpdateReboot                              iswi.obl(CompHelperFuncs.obs)
213  __gbGetTarget                                      iswi.obl(CompHelperFuncs.obs)
214  __gbInitialized                                    iswi.obl(CompHelperFuncs.obs)
215  __gbInstallInfo                                    setup.obs
216  __gbMaintenance                                    iswi.obl(CompHelperFuncs.obs)
217  __gbReopening                                      iswi.obl(CompHelperFuncs.obs)
218  __ghActiveDataBase                                 iswi.obl(CompHelperFuncs.obs)
219  __ghErrFileHandle                                  iswi.obl(CompHelperFuncs.obs)
220  __ghMsiInstall                                     iswi.obl(CompHelperFuncs.obs)
221  __gnButtonSelected                                 iswi.obl(CompHelperFuncs.obs)
222  __gnLastError                                      iswi.obl(CompHelperFuncs.obs)
223  __gnMsiReturn                                      iswi.obl(CompHelperFuncs.obs)
224  __gnOSMask                                         iswi.obl(CompHelperFuncs.obs)
225  __gnScriptMode                                     iswi.obl(CompHelperFuncs.obs)
226  __goISDriver                                       iswi.obl(CompHelperFuncs.obs)
227  __goLanguageFilter                                 iswi.obl(CompHelperFuncs.obs)
228  __goMsiServer                                      iswi.obl(CompHelperFuncs.obs)
229  __gsINSTALLDIR                                     iswi.obl(CompHelperFuncs.obs)
230  __gsProductGuid                                    iswi.obl(CompHelperFuncs.obs)
231  __gsSourceDir                                      iswi.obl(CompHelperFuncs.obs)
232  __hContext                                         iswi.obl(CompHelperFuncs.obs)
233  __objGlobalTextSub                                 setup.obs
234  __objStringTable                                   iswi.obl(ISWiInit.obs)
235  __szGUID                                           isrt.obl(ISRTInit.obs)
236  bBackButton                                        setup.obs
237  bCancelButton                                      setup.obs
238  bEnterDiskBeep                                     iswi.obl(AdminAskPath.obs)
239  bFinishButton                                      setup.obs
240  bIFXLFNoToAll                                      setup.obs
241  bIFXLFOnRebootToAll                                setup.obs
242  bIFXLFYesToAll                                     setup.obs
243  bIFXMD5IgnoreToAll                                 setup.obs
244  bIFXRONoToAll                                      setup.obs
245  bIFXROYesToAll                                     setup.obs
246  bIFXSFNoToAll                                      setup.obs
247  bIFXSFYesToAll                                     setup.obs
248  bIfxPCHInitialized                                 setup.obs
249  bIfxPCHOn                                          setup.obs
250  bInstall16                                         setup.obs
251  bNextButton                                        setup.obs
252  bSdInit                                            setup.obs
253  bViewCmptKunits                                    setup.obs
254  bViewCmptUseDecimal                                setup.obs
255  g_bSuppressMissingStringWarning                    iswi.obl(DriverConv.obs)
256  nIfxPCHType                                        setup.obs
257  szAppKey                                           setup.obs
258  szSdProduct                                        setup.obs
259  szSdStr_NotEnoughSpace                             setup.obs
